[colorlib.com/preview/theme/edusmart/index.html]
[colorlib.com/preview/theme/edusmart/img/favicon.png]
[backblue.gif]
[fade.gif]
[index.html]
[colorlib.com/preview/theme/edusmart/css/bootstrap.css]
[colorlib.com/preview/theme/edusmart/vendors/linericon/style.css]
[colorlib.com/preview/theme/edusmart/css/font-awesome.min.css]
[colorlib.com/preview/theme/edusmart/vendors/owl-carousel/owl.carousel.min.css]
[colorlib.com/preview/theme/edusmart/vendors/lightbox/simpleLightbox.css]
[colorlib.com/preview/theme/edusmart/vendors/nice-select/css/nice-select.css]
[colorlib.com/preview/theme/edusmart/vendors/animate-css/animate.css]
[colorlib.com/preview/theme/edusmart/css/style.css]
[colorlib.com/preview/theme/edusmart/index-2.html]
[colorlib.com/preview/theme/edusmart/img/logo.png]
[colorlib.com/preview/theme/edusmart/about-us.html]
[colorlib.com/preview/theme/edusmart/courses.html]
[colorlib.com/preview/theme/edusmart/course-details.html]
[colorlib.com/preview/theme/edusmart/elements.html]
[colorlib.com/preview/theme/edusmart/blog.html]
[colorlib.com/preview/theme/edusmart/single-blog.html]
[colorlib.com/preview/theme/edusmart/contact.html]
[colorlib.com/preview/theme/edusmart/img/dpmt/icon1.png]
[colorlib.com/preview/theme/edusmart/img/dpmt/icon2.png]
[colorlib.com/preview/theme/edusmart/img/dpmt/icon3.png]
[colorlib.com/preview/theme/edusmart/img/dpmt/icon4.png]
[colorlib.com/preview/theme/edusmart/img/dpmt/icon5.png]
[colorlib.com/preview/theme/edusmart/img/dpmt/icon6.png]
[colorlib.com/preview/theme/edusmart/img/dpmt/icon7.png]
[colorlib.com/preview/theme/edusmart/img/author1.png]
[colorlib.com/preview/theme/edusmart/img/f-icons/icon1.png]
[colorlib.com/preview/theme/edusmart/img/f-icons/icon2.png]
[colorlib.com/preview/theme/edusmart/img/f-icons/icon3.png]
[colorlib.com/preview/theme/edusmart/img/f-icons/icon4.png]
[colorlib.com/preview/theme/edusmart/img/f-icons/icon5.png]
[colorlib.com/preview/theme/edusmart/img/f-icons/icon6.png]
[colorlib.com/preview/theme/edusmart/img/quote.png]
[colorlib.com/preview/theme/edusmart/img/testimonial/t1.jpg]
[colorlib.com/preview/theme/edusmart/img/testimonial/t2.jpg]
[colorlib.com/preview/theme/edusmart/img/testimonial/t3.jpg]
[colorlib.com/preview/theme/edusmart/img/testimonial/t4.jpg]
[colorlib.com/preview/theme/edusmart/img/event1.jpg]
[colorlib.com/preview/theme/edusmart/img/event2.jpg]
[colorlib.com/cdn-cgi/scripts/5c5dd728/cloudflare-static/email-decode.min.js]
[colorlib.com/preview/theme/edusmart/js/jquery-3.2.1.min.js]
[colorlib.com/preview/theme/edusmart/js/popper.js]
[colorlib.com/preview/theme/edusmart/js/bootstrap.min.js]
[colorlib.com/preview/theme/edusmart/js/stellar.js]
[colorlib.com/preview/theme/edusmart/js/countdown.js]
[colorlib.com/preview/theme/edusmart/vendors/nice-select/js/jquery.nice-select.min.js]
[colorlib.com/preview/theme/edusmart/vendors/owl-carousel/owl.carousel.min.js]
[colorlib.com/preview/theme/edusmart/js/owl-carousel-thumb.min.js]
[colorlib.com/preview/theme/edusmart/js/jquery.ajaxchimp.min.js]
[colorlib.com/preview/theme/edusmart/vendors/counter-up/jquery.counterup.js]
[colorlib.com/preview/theme/edusmart/js/mail-script.js]
[colorlib.com/preview/theme/edusmart/js/gmaps.min.js]
[colorlib.com/preview/theme/edusmart/index.html]
[colorlib.com/preview/theme/edusmart/css/bootstrap.css]
[colorlib.com/preview/theme/edusmart/js/theme.js]
[colorlib.com/preview/theme/edusmart/vendors/linericon/fonts/Linearicons-Free54e9.eot]
[colorlib.com/preview/theme/edusmart/vendors/linericon/fonts/Linearicons-Freed41d.eot]
[colorlib.com/preview/theme/edusmart/vendors/linericon/fonts/Linearicons-Free54e9.woff2]
[colorlib.com/preview/theme/edusmart/vendors/linericon/fonts/Linearicons-Free54e9.woff]
[colorlib.com/preview/theme/edusmart/vendors/linericon/fonts/Linearicons-Free54e9.ttf]
[colorlib.com/preview/theme/edusmart/vendors/linericon/style.css]
[colorlib.com/preview/theme/edusmart/vendors/linericon/fonts/Linearicons-Free54e9.svg]
[colorlib.com/preview/theme/edusmart/fonts/fontawesome-webfont3295.eot]
[colorlib.com/preview/theme/edusmart/fonts/fontawesome-webfontd41d.eot]
[colorlib.com/preview/theme/edusmart/fonts/fontawesome-webfont3295.woff2]
[colorlib.com/preview/theme/edusmart/fonts/fontawesome-webfont3295.woff]
[colorlib.com/preview/theme/edusmart/css/font-awesome.min.css]
[colorlib.com/preview/theme/edusmart/fonts/fontawesome-webfont3295.svg]
[colorlib.com/preview/theme/edusmart/fonts/fontawesome-webfont3295.ttf]
[colorlib.com/preview/theme/edusmart/vendors/owl-carousel/owl.video.play.png]
[colorlib.com/preview/theme/edusmart/vendors/owl-carousel/owl.carousel.min.css]
[colorlib.com/preview/theme/edusmart/vendors/lightbox/simpleLightbox.css]
[colorlib.com/preview/theme/edusmart/vendors/nice-select/css/nice-select.css]
[colorlib.com/preview/theme/edusmart/vendors/animate-css/animate.css]
[colorlib.com/preview/theme/edusmart/img/banner/home-banner.jpg]
[colorlib.com/preview/theme/edusmart/img/banner/banner-2.jpg]
[colorlib.com/preview/theme/edusmart/img/banner/banner.jpg]
[colorlib.com/preview/theme/edusmart/img/features-bg1.jpg]
[colorlib.com/preview/theme/edusmart/img/elements/primary-check.png]
[colorlib.com/preview/theme/edusmart/img/elements/success-check.png]
[colorlib.com/preview/theme/edusmart/img/elements/disabled-check.png]
[colorlib.com/preview/theme/edusmart/img/elements/primary-radio.png]
[colorlib.com/preview/theme/edusmart/img/elements/success-radio.png]
[colorlib.com/preview/theme/edusmart/img/elements/disabled-radio.png]
[colorlib.com/preview/theme/edusmart/css/style.css]
[colorlib.com/preview/theme/edusmart/index-2.html]
[colorlib.com/preview/theme/edusmart/img/about-img.png]
[colorlib.com/preview/theme/edusmart/img/instructors/ins1.jpg]
[colorlib.com/preview/theme/edusmart/img/instructors/ins2.jpg]
[colorlib.com/preview/theme/edusmart/img/instructors/ins3.jpg]
[colorlib.com/preview/theme/edusmart/img/instructors/ins4.jpg]
[colorlib.com/preview/theme/edusmart/about-us.html]
[colorlib.com/preview/theme/edusmart/courses.html]
[colorlib.com/preview/theme/edusmart/img/courses/course-details.jpg]
[colorlib.com/preview/theme/edusmart/img/blog/c1.jpg]
[colorlib.com/preview/theme/edusmart/img/blog/c2.jpg]
[colorlib.com/preview/theme/edusmart/img/blog/c3.jpg]
[colorlib.com/preview/theme/edusmart/course-details.html]
[colorlib.com/preview/theme/edusmart/img/elements/d.jpg]
[colorlib.com/preview/theme/edusmart/img/elements/f1.jpg]
[colorlib.com/preview/theme/edusmart/img/elements/f2.jpg]
[colorlib.com/preview/theme/edusmart/img/elements/f3.jpg]
[colorlib.com/preview/theme/edusmart/img/elements/f4.jpg]
[colorlib.com/preview/theme/edusmart/img/elements/f5.jpg]
[colorlib.com/preview/theme/edusmart/img/elements/f6.jpg]
[colorlib.com/preview/theme/edusmart/img/elements/f7.jpg]
[colorlib.com/preview/theme/edusmart/img/elements/f8.jpg]
[colorlib.com/preview/theme/edusmart/img/elements/g1.jpg]
[colorlib.com/preview/theme/edusmart/img/elements/g2.jpg]
[colorlib.com/preview/theme/edusmart/img/elements/g3.jpg]
[colorlib.com/preview/theme/edusmart/img/elements/g4.jpg]
[colorlib.com/preview/theme/edusmart/img/elements/g5.jpg]
[colorlib.com/preview/theme/edusmart/img/elements/g6.jpg]
[colorlib.com/preview/theme/edusmart/img/elements/g7.jpg]
[colorlib.com/preview/theme/edusmart/img/elements/g8.jpg]
[colorlib.com/preview/theme/edusmart/elements.html]
[colorlib.com/preview/theme/edusmart/img/blog/cat-post/cat-post-3.jpg]
[colorlib.com/preview/theme/edusmart/blog-details.html]
[colorlib.com/preview/theme/edusmart/img/blog/cat-post/cat-post-2.jpg]
[colorlib.com/preview/theme/edusmart/img/blog/cat-post/cat-post-1.jpg]
[colorlib.com/preview/theme/edusmart/img/blog/main-blog/m-blog-1.jpg]
[colorlib.com/preview/theme/edusmart/img/blog/main-blog/m-blog-2.jpg]
[colorlib.com/preview/theme/edusmart/img/blog/main-blog/m-blog-3.jpg]
[colorlib.com/preview/theme/edusmart/img/blog/main-blog/m-blog-4.jpg]
[colorlib.com/preview/theme/edusmart/img/blog/main-blog/m-blog-5.jpg]
[colorlib.com/preview/theme/edusmart/img/blog/author.png]
[colorlib.com/preview/theme/edusmart/img/blog/popular-post/post1.jpg]
[colorlib.com/preview/theme/edusmart/img/blog/popular-post/post2.jpg]
[colorlib.com/preview/theme/edusmart/img/blog/popular-post/post3.jpg]
[colorlib.com/preview/theme/edusmart/img/blog/popular-post/post4.jpg]
[colorlib.com/preview/theme/edusmart/img/blog/add.jpg]
[colorlib.com/preview/theme/edusmart/blog.html]
[colorlib.com/preview/theme/edusmart/img/blog/feature-img1.jpg]
[colorlib.com/preview/theme/edusmart/img/blog/post-img1.jpg]
[colorlib.com/preview/theme/edusmart/img/blog/post-img2.jpg]
[colorlib.com/preview/theme/edusmart/img/blog/prev.jpg]
[colorlib.com/preview/theme/edusmart/img/blog/next.jpg]
[colorlib.com/preview/theme/edusmart/img/blog/c4.jpg]
[colorlib.com/preview/theme/edusmart/img/blog/c5.jpg]
[colorlib.com/preview/theme/edusmart/single-blog.html]
[colorlib.com/preview/theme/edusmart/contact.html]
[colorlib.com/preview/theme/edusmart/img/courses/trainer1.jpg]
[colorlib.com/preview/theme/edusmart/vendors/linericon/fonts/Linearicons-Free54e9.svg]
[colorlib.com/preview/theme/edusmart/fonts/fontawesome-webfont3295.svg]
[colorlib.com/preview/theme/edusmart/vendors/owl-carousel/owl.video.play.html]
[colorlib.com/preview/theme/edusmart/blog-details.html]
